
Allocating common symbols
Common symbol       size              file

j                   0x4               main.o
l                   0x4               main.o
k                   0x4               main.o
i                   0x4               main.o

Memory Configuration

Name             Origin             Length             Attributes
ram              0x00008000         0x00005000
*default*        0x00000000         0xffffffff

Linker script and memory map

LOAD start.o
LOAD main.o
LOAD lib.o

.text           0x00008000      0x374
 *(.text*)
 .text          0x00008000        0xc start.o
                0x00008000                _start
 .text          0x0000800c      0x220 main.o
                0x0000800c                core1_main
                0x00008094                core2_main
                0x0000811c                core3_main
                0x000081a4                core0_submain
 .text.startup  0x0000822c       0x60 main.o
                0x0000822c                main
 .text          0x0000828c       0xe8 lib.o
                0x0000828c                get_core_number
                0x00008298                start_core1
                0x000082a4                start_core2
                0x000082b0                start_core3
                0x000082bc                load32
                0x000082c4                store32
                0x000082cc                uart_init
                0x000082d0                enable_JTAG

.data           0x00008374        0x0
 .data          0x00008374        0x0 start.o
 .data          0x00008374        0x0 main.o
 .data          0x00008374        0x0 lib.o

.igot.plt       0x00008374        0x0
 .igot.plt      0x00000000        0x0 start.o

.glue_7         0x00008374        0x0
 .glue_7        0x00000000        0x0 linker stubs

.glue_7t        0x00008374        0x0
 .glue_7t       0x00000000        0x0 linker stubs

.vfp11_veneer   0x00008374        0x0
 .vfp11_veneer  0x00000000        0x0 linker stubs

.v4_bx          0x00008374        0x0
 .v4_bx         0x00000000        0x0 linker stubs

.iplt           0x00008374        0x0
 .iplt          0x00000000        0x0 start.o

.rel.dyn        0x00008374        0x0
 .rel.iplt      0x00000000        0x0 start.o

.bss            0x00008374       0x10
 *(.bss*)
 .bss           0x00008374        0x0 start.o
 .bss           0x00008374        0x0 main.o
 .bss           0x00008374        0x0 lib.o
 COMMON         0x00008374       0x10 main.o
                0x00008374                j
                0x00008378                l
                0x0000837c                k
                0x00008380                i
OUTPUT(output.elf elf32-littlearm)

.ARM.attributes
                0x00000000       0x31
 .ARM.attributes
                0x00000000       0x14 start.o
 .ARM.attributes
                0x00000014       0x35 main.o
 .ARM.attributes
                0x00000049       0x35 lib.o

.comment        0x00000000       0x70
 .comment       0x00000000       0x70 main.o
                                 0x71 (size before relaxing)
 .comment       0x00000000       0x71 lib.o

.debug_info     0x00000000      0x3ae
 .debug_info    0x00000000      0x196 main.o
 .debug_info    0x00000196      0x218 lib.o

.debug_abbrev   0x00000000      0x20b
 .debug_abbrev  0x00000000       0xe0 main.o
 .debug_abbrev  0x000000e0      0x12b lib.o

.debug_aranges  0x00000000       0x48
 .debug_aranges
                0x00000000       0x28 main.o
 .debug_aranges
                0x00000028       0x20 lib.o

.debug_ranges   0x00000000       0x18
 .debug_ranges  0x00000000       0x18 main.o

.debug_line     0x00000000      0x1e6
 .debug_line    0x00000000      0x125 main.o
 .debug_line    0x00000125       0xc1 lib.o

.debug_str      0x00000000      0x1d6
 .debug_str     0x00000000      0x17c main.o
                                0x1b5 (size before relaxing)
 .debug_str     0x0000017c       0x5a lib.o
                                0x1d4 (size before relaxing)

.debug_frame    0x00000000       0xf8
 .debug_frame   0x00000000       0x60 main.o
 .debug_frame   0x00000060       0x98 lib.o

.debug_loc      0x00000000       0x34
 .debug_loc     0x00000000       0x34 lib.o
